Convention has failing items
	AssemblyUnderTest.ClassWithNoDefaultCtor does not have a default constructor
	AssemblyUnderTest.ClassWithPrivateDefaultCtor does not have a default constructor
