Convention has failing items
	AssemblyUnderTest.SampleDomainClass has non virtual method(s):
	TestNonVirtual
