'Header' for 'Fake data'
------------------------

	Approved Exception