'Api Controllers must be suffixed with Controller' for 'TestAssembly'
---------------------------------------------------------------------

	TestAssembly.Controllers.BarApiControler

'Types named *Controller must inherit from ApiController or Controller' for 'TestAssembly'
------------------------------------------------------------------------------------------

	TestAssembly.Controllers.TestApiController
	TestAssembly.Controllers.TestController
