'Mvc Controllers must be suffixed with Controller' for 'Types in TestAssembly'
------------------------------------------------------------------------------

	TestAssembly.Controllers.FooControler

'Types named *Controller must inherit from ApiController or Controller' for 'Types in TestAssembly'
---------------------------------------------------------------------------------------------------

	TestAssembly.Controllers.TestApiController
	TestAssembly.Controllers.TestController
