The following files which should be embedded resources:
-------------------------------------------------------

	Scripts\Script2.sql
