'Project must not reference dlls from bin or obj directories' for 'Project references in TestStack.ConventionTests.Tests'
-------------------------------------------------------------------------------------------------------------------------

	bin\Debug\ApprovalTests.dll
