'.sql Files must be embedded resources' for 'Project file items in TestStack.ConventionTests.Tests'
---------------------------------------------------------------------------------------------------

	Scripts\Script2.sql
