The following methods are not virtual.

	TestAssembly.SampleDomainClass.TestNonVirtual
