'Dtos must be under the 'TestAssembly.Dtos' namespace' for 'TestAssembly'
-------------------------------------------------------------------------

	TestAssembly.SomeDto
