'Types must have a default constructor' for 'Types in nHibernate Entitites'
---------------------------------------------------------------------------

	TestAssembly.ClassWithNoDefaultCtor
	TestAssembly.ClassWithPrivateDefaultCtor
