The following types do not have default constructor

	TestAssembly.ClassWithNoDefaultCtor
	TestAssembly.ClassWithPrivateDefaultCtor
