'Methods must be virtual' for 'Types in nHibernate Entitites'
-------------------------------------------------------------

	TestAssembly.SampleDomainClass.TestNonVirtual
