'Non-Dtos must not be under the 'TestAssembly.Dtos' namespace' for 'Types in TestAssembly'
------------------------------------------------------------------------------------------

	TestAssembly.Dtos.AnotherClass
