Failed: 'Dtos must be under the 'TestAssembly.Dtos' namespace' for 'TestAssembly types'
---------------------------------------------------------------------------------------

	TestAssembly.SomeDto


Failed: 'Non-Dtos must not be under the 'TestAssembly.Dtos' namespace' for 'TestAssembly types'
-----------------------------------------------------------------------------------------------

	TestAssembly.Dtos.AnotherClass